
> test
> node --test frontend/architecture/*.test.mjs frontend/features/chat/*.test.mjs frontend/features/doctor/*.test.mjs frontend/features/layout/*.test.mjs

✔ native UI and Agent RPC target the same conversation; state events unsubscribe (2.282217ms)
✔ desktop bridge is untouched and absent native hosts do not enable browser (1.669552ms)
✔ native DOM snapshot references expire and typing commits input events (1.696313ms)
✔ nested callbacks own their decisions and Hook counts (6.044946ms)
✔ class methods and instance fields cannot hide behind small functions (1.506162ms)
✔ budget applies per metric and cannot be transferred by renaming (0.295892ms)
✔ parser recovery is visible and new unparsed syntax fails the budget (0.879751ms)
✔ setter targets count unique destinations and subscriptions belong to their callback scope (0.995151ms)
✔ every documented page has one Chinese block and one English block (2.331199ms)
✔ critical documentation topics have exact Chinese and English parity (0.582076ms)
✔ the first paint and runtime language state use the same locale (0.40514ms)
✔ language changes rebuild search from only the active language (0.282787ms)
✔ clearing and typing model IDs stays local until blur (2.55224ms)
✔ empty edits and Escape restore the saved ID without saving (2.125859ms)
✔ Enter commits a manual ID and discovered choices commit immediately (1.57377ms)
✔ new model drafts update immediately so the Add action can be enabled (0.610691ms)
✔ choosing a discovered model invokes its metadata callback without a stale blur save (0.940807ms)
✔ plugin packs are collapsed by default and expose an accessible disclosure (1.380994ms)
✔ card clicks toggle the package without hijacking nested controls (0.290703ms)
✔ the package toggle precedes the disclosure button and hidden members do not render (0.446048ms)
✔ extension cards use the theme secondary surface instead of white (0.208286ms)
✔ plugin tool menus escape the package card and stack above following cards (1.111421ms)
✔ notification center opens, reloads and restores the browser on dismissal (115.627519ms)
✔ every browser overlay caller imports its coordinator (33.948004ms)
✔ chat error fallback calls the shared API formatter (2.974942ms)
✔ group drop commits persistent chat order and announces the moved group (3.896163ms)
✔ chat surfaces bind dependencies in their owning scope (1.60996ms)
✔ all translation catalog layers have locale parity and valid values (192.629539ms)
✔ catalog sources do not silently overwrite duplicate keys (8.368891ms)
✔ catalog layers do not silently override one another (54.359648ms)
✔ literal frontend translation calls are backed by the merged catalog (44.162342ms)
✔ JSX does not expose untranslated English text nodes (9.16819ms)
✔ model ID combobox receives the settings translator (0.472718ms)
✔ the shell registers WorkbenchApp only in the module that owns it (2.018436ms)
✔ extracted shell and pane modules import or project their runtime dependencies (1.887997ms)
✔ shell shortcuts dispatch semantic actions without duplicating navigation (1.328905ms)
✔ shell shortcuts respect overlays and editable fields (0.16884ms)
✔ moving a callback to another module cannot hide its domain decision total (0.778319ms)
✔ split selection clients cannot reintroduce independently writable slot maps (6.291695ms)
✔ DECTCEM changes schedule custom cursor synchronization (0.660065ms)
✔ OSC 133 replay records prompt and command boundaries with exit status (1.461958ms)
✔ prompt navigation uses platform shortcuts without changing existing keys (0.494981ms)
✔ non-mac prompt navigation uses Ctrl and dispose releases parser state (0.469392ms)
✔ cached and refreshed resource projection preserves identity and browser availability (1.053262ms)
✔ regular answer updates summary, existing cache and selected detail in order (1.352911ms)
✔ live answer leaves messages and cache alone and cannot replace another selected chat (0.150005ms)
✔ answer never creates a missing cache entry or loads a transcript (0.109728ms)
✔ guidance confirmation and failure cannot overwrite a different active chat (1.474311ms)
✔ visible system-prefix blocks receive distinct categorical colors (0.769693ms)
✔ permission labels follow protocol semantics instead of display language (0.740327ms)
✔ permission mode normalization is bounded to declared modes (0.811582ms)
✔ moving a grouped chat block preserves internal and surrounding order (0.221311ms)
✔ tool presentation kinds reject unknown renderer instructions (0.208677ms)
✔ a stale chat refresh never overwrites a newer selection (0.190392ms)
✔ terminal events synchronously settle the chat-list summary (0.170433ms)
✔ paint timing uploads only client stages without dropping local server timings (58.080015ms)
✔ session menu ignores superseded resource responses and cancels preview polling on close (12.072589ms)
✔ overflow close animation can be reopened and unmount clears its timer (4.696013ms)
✔ floating handoff restores original conversations and widths and abandons only stale ownership (9.240668ms)
✔ submission keeps capability filters, command activation and attachment-only sends (9.813676ms)
✔ saved false is distinct from defaults and unavailable capabilities clear activations (90.308432ms)
✔ one restore replaces all settings while individual updates retain stable actions and no-op identity (3.129356ms)
✔ draft is debounced, saved before switching, restored and flushed on page hide (72.736093ms)
✔ draft surfaces stay isolated and optimistic clear persists immediately (10.681686ms)
✔ context changes abort old requests and cannot apply stale results; unmount cleans up (4.733995ms)
✔ context failure settles loading and unavailable plugins make no request (5.996234ms)
✔ command catalog loads on demand, refreshes after invalidation and respects external agents (4.867349ms)
✔ project switch during command loading aborts the old owner and loads the new catalog (5.615259ms)
✔ context ring stays hidden until the conversation has a message (0.66289ms)
✔ context metadata reuses canonical Workbench translation keys (0.151578ms)
✔ empty metadata values use field semantics instead of data-type labels (1.028294ms)
✔ context ring uses runtime context and latest-request cache usage (0.617012ms)
✔ context ring exposes unavailable cache data and clamps overfull context (0.102645ms)
✔ context and cache rings interpolate colors continuously (0.244925ms)
✔ navigator defers history measurements during wbcResizeActive (2.108416ms)
✔ navigator defers history measurements during wbcDisclosureActive (1.434055ms)
✔ tokens update the message subscriber while shell state stays unchanged (11.91519ms)
✔ switching conversations selects current state and replaces subscriptions (3.782918ms)
✔ notifies matching panes and inherited groups, leaving unrelated history untouched (4.837692ms)
✔ filters cross-window changes and releases both subscriptions (1.044565ms)
✔ surface broker opens and updates the same resource without moving it (1.293518ms)
✔ surface broker never replaces user, pinned, claimed, or dirty cards (5.316472ms)
✔ surface suppression and ownership helpers are deterministic (0.902204ms)
✔ surface broker rejects absolute and escaping file locations (0.420299ms)
✔ tool activity updates only until the model explicitly requests reveal (0.46301ms)
✔ update attention refreshes an existing surface but never opens one (0.354924ms)
✔ automatic explicit surface events still require the reveal flag (0.312113ms)
✔ surface broker can cap automatic resource reveals per run (0.165935ms)
✔ terminal error notice renders a translated diagnostic action without a global translator (4.291554ms)
✔ frontend/features/chat/hook-harness.test.mjs (93.332587ms)
✔ WbcTraceCard defers unopened details and retains them for closing animation (79.058558ms)
✔ WbcTraceCard immediately renders a saved expanded disclosure (10.859393ms)
✔ WbcActivityGroup defers unopened details and retains them for closing animation (11.150005ms)
✔ WbcActivityGroup immediately renders a saved expanded disclosure (11.264063ms)
✔ live summary remains active while closed and first disclosure uses the latest entries (15.667609ms)
✔ ordered merge preserves equal-time precedence, empty ids, duplicates and object identity (4.301253ms)
✔ small inputs avoid the fast path and legacy timestamps keep their priority (3.701914ms)
✔ special data falls back without changing the legacy result (34.24066ms)
✔ fallback preserves getter and custom array-method calls (8.035558ms)
✔ seeded differential cases cover fast and fallback paths without mutating input (7074.270944ms)
✔ production projection preserves every patch, replay, checkpoint, removal and terminal state (127.41493ms)
✔ project projections retain identity and never overwrite another project cache (59.716395ms)
✔ chat projections tolerate a missing callback and do not notify without a project (17.069784ms)
✔ draft Agent choice persists per project while consumption only clears active state (5.954053ms)
✔ split side survives remount and drag assignment avoids redundant storage writes (7.57366ms)
✔ unavailable local storage does not prevent split interaction (4.245296ms)
✔ indexed grouping preserves order, overlapping membership and duplicate IDs (13.939155ms)
✔ one-pass sections preserve relative order and item identity (0.260184ms)
✔ new work replaces the waiting icon and color even before the summary refreshes (0.75278ms)
✔ resumed lifecycle outranks residual question and previous failure fields (0.20521ms)
✔ event bursts use one request with the same debounce and one coherent notification (5.328695ms)
✔ events during a slow refresh coalesce into one follow-up without cancelling work (2.554875ms)
✔ disposing during a pending event refresh does not schedule more work (1.964362ms)
✔ standalone session refresh cannot cancel a shared current status response (1.395171ms)
✔ standalone status refresh cannot cancel shared current sessions or accept stale status (0.976445ms)
✔ new combined refresh cancels superseded requests and rejects late responses (0.961887ms)
✔ status projection failure preserves successful sessions and previous status (0.843713ms)
✔ page disposal cancels shared and independent requests and remains idempotent (2.242922ms)
✔ plugin collection owner preserves event refresh, loading, errors and cleanup (58.771721ms)
✔ hover preview replacement, cancellation and unmount retain timer ownership (3.460946ms)
✔ composer keyboard preserves IME, slash precedence and newline behavior (4.470585ms)
✔ pane promotion and restoration keep reduced-motion commits synchronous (2.760525ms)
✔ clipboard files and item fallback upload attachments without intercepting text or busy input (6.727262ms)
✔ legacy streaming inserts prose before the same mounted status element (5.104439ms)
✔ short handoffs and unmounts cancel the delayed indicator without rendering an empty row (34.55114ms)
✔ a sustained quiet gap shows the existing processing card after the delay (6.345487ms)
✔ runtime activity keeps its server timeline identity (1.24718ms)
✔ legacy projection replaces a checkpointed activity instead of rendering both (0.435889ms)
✔ legacy projection deduplicates old prefixed ids by tool call identity (0.171125ms)
✔ unified timeline suppresses a legacy checkpoint with a different activity id (0.600942ms)
✔ run fallback only fills quiet gaps without changing reasoning, tools or prose (2.703136ms)
✔ waiting and reconnection keep the existing suppression and resume the same run indicator (0.219346ms)
✔ legacy status stays after checkpointed segments without altering activity state (0.824928ms)
✔ running tools in earlier or folded activities suppress fallback, even after a newer activity completes (0.300771ms)
✔ restored split renders before its conversation loads, including load failure (7.199791ms)
✔ loaded split passes the pending question and messages to the transcript (1.976736ms)
✔ column dragging coalesces moves without state commits or repeated layout reads (1.421612ms)
✔ row dragging previews tracks and separator, then commits once on cancellation (0.782136ms)
✔ select and restore retain all historic slots without mutating another chat (71.308602ms)
✔ queued operations preserve selection, guarded deletion and resource pruning (4.938705ms)
✔ selection transitions match the previous four-map contract across operation sequences (26.068032ms)
✔ new batches resume older fades instead of cutting them off or restarting them (1.986064ms)
✔ wrapping and cleanup preserve inline elements, code whitespace and block boundaries (0.592174ms)
✔ completed fades, rewritten text and reduced motion leave readable plain text (1.141288ms)
✔ a large batch bounds animation work to the recent tail (0.19977ms)
✔ only distant history is frozen; final layout restores the live tail (4.712154ms)
✔ reading anchor is compensated after frozen rows regain their natural height (0.409107ms)
✔ short history, selected text and focused rows stay live (0.501002ms)
✔ interruptions, cancellation, timeout and cleanup cannot strand hidden messages (5.292225ms)
✔ unrelated transitions are ignored and repeated starts restore before freezing (0.322854ms)
✔ PiP only keeps its avoided rows live and refreshes avoidance after thaw (0.319648ms)
✔ few long replies protect offscreen Markdown blocks and retain an inner reading anchor (0.338533ms)
✔ sidebar pointerdown prepares old geometry and transitionrun reuses it (0.363491ms)
✔ large transcripts thaw in bounded batches rather than a single transitionend task (0.846398ms)
✔ restoring the right panel through its menu prepares before the state update (0.333584ms)
✔ continuous right and split drags retain protection beyond the sidebar timeout (4.398367ms)
✔ closing a split prepares before mutation and waits for both grid transitions (0.924978ms)
✔ losing window focus restores a held separator without leaving hidden history (1.881745ms)
✔ replacement transcript adopts old offscreen heights before its first layout (0.577738ms)
✔ nested disclosure animations defer navigation until both finish, without hiding history (0.276816ms)
✔ HTTP failure preserves response, links ID and never reads body (1.828845ms)
✔ Doctor requests, foreign endpoints and cancellation do not report (2.139235ms)
✔ network and uncaught failures provide bounded guidance and cleanup (0.871777ms)
✔ failure to render diagnostics cannot change request outcome (0.73105ms)
✔ clicked failure owns the run, including installed legacy terminal errors (0.757759ms)
✔ reopening auto repair reattaches; explicit recheck starts again (0.811682ms)
✔ initial Doctor render accepts an absent report (51.060299ms)
✔ structured failure preserves incident and run metadata (2.835898ms)
✔ failure progress and diagnosis share one card (2.823605ms)
✔ reviewed patch submission binds the exact hash and preserves user description (2.371866ms)
✔ unverified outcome is explicit and an interrupted commit exposes rollback (0.62101ms)
✔ cached findings stay separated by conversation and language (0.714528ms)
✔ prefetch and open share a request; previous findings survive refresh errors (0.425779ms)
✔ reopening active analysis resumes its report instead of creating another scan (0.155405ms)
✔ edge direction opens the matching drawer and reverse motion closes it (0.649474ms)
✔ taps, vertical scrolling, diagonals, and outward edge motion do not navigate (0.167669ms)
✔ center gestures open either side without treating taps or vertical motion as navigation (0.105901ms)
✔ wheel listener cancels natively, uses latest render and is removed on ref cleanup (1.922573ms)
ℹ tests 178
ℹ suites 0
ℹ pass 178
ℹ fail 0
ℹ cancelled 0
ℹ skipped 0
ℹ todo 0
ℹ duration_ms 7552.937568
