{
  "ascii": {
    "bytes": 524288,
    "median_ms": {
      "baseline": 126.17054604925215,
      "candidate": 20.29200701508671
    },
    "samples": {
      "baseline": [
        126.30260002333671,
        126.17054604925215,
        125.42833702173084,
        125.49599795602262,
        129.07493603415787
      ],
      "candidate": [
        21.215163986198604,
        20.110558019950986,
        20.61940706335008,
        19.643869949504733,
        20.29200701508671
      ]
    },
    "equal": true
  },
  "chinese": {
    "bytes": 524288,
    "median_ms": {
      "baseline": 134.19067999348044,
      "candidate": 107.00456495396793
    },
    "samples": {
      "baseline": [
        143.27282295562327,
        132.8138019889593,
        134.323637932539,
        133.6996960453689,
        134.19067999348044
      ],
      "candidate": [
        111.417580046691,
        106.85367498081177,
        110.21857196465135,
        106.64118698332459,
        107.00456495396793
      ]
    },
    "equal": true
  },
  "ansi": {
    "bytes": 524288,
    "median_ms": {
      "baseline": 53.787296055816114,
      "candidate": 53.62051597330719
    },
    "samples": {
      "baseline": [
        54.5746210264042,
        53.39188501238823,
        54.88396598957479,
        53.25593298766762,
        53.787296055816114
      ],
      "candidate": [
        54.35205204412341,
        53.143787081353366,
        53.900945000350475,
        52.861744072288275,
        53.62051597330719
      ]
    },
    "equal": true
  },
  "mixed": {
    "bytes": 524288,
    "median_ms": {
      "baseline": 136.579415993765,
      "candidate": 113.25678601861
    },
    "samples": {
      "baseline": [
        136.38198701664805,
        139.0800600638613,
        136.7656550137326,
        136.579415993765,
        134.00531094521284
      ],
      "candidate": [
        113.06597001384944,
        113.72453707735986,
        114.05241896864027,
        113.25678601861,
        111.84247396886349
      ]
    },
    "equal": true
  },
  "escaped_surrogate_outside_limit": {
    "baseline": {
      "events": [
        {
          "id": "new",
          "timestamp": "2026",
          "caller": "normal",
          "phase": "",
          "model": "",
          "duration_ms": null,
          "total_tokens_est": 0,
          "block_count": 0,
          "message_count": 0,
          "token_by_type": {},
          "source_log": "debug_1.jsonl"
        }
      ]
    },
    "candidate": {
      "events": [
        {
          "id": "new",
          "timestamp": "2026",
          "caller": "normal",
          "phase": "",
          "model": "",
          "duration_ms": null,
          "total_tokens_est": 0,
          "block_count": 0,
          "message_count": 0,
          "token_by_type": {},
          "source_log": "debug_1.jsonl"
        }
      ]
    }
  }
}
