
> test
> node --test frontend/architecture/*.test.mjs frontend/features/chat/*.test.mjs frontend/features/doctor/*.test.mjs frontend/features/layout/*.test.mjs

✔ native UI and Agent RPC target the same conversation; state events unsubscribe (2.58544ms)
✔ desktop bridge is untouched and absent native hosts do not enable browser (1.901521ms)
✔ native DOM snapshot references expire and typing commits input events (1.7862ms)
✔ nested callbacks own their decisions and Hook counts (4.316093ms)
✔ class methods and instance fields cannot hide behind small functions (1.59311ms)
✔ budget applies per metric and cannot be transferred by renaming (0.279615ms)
✔ parser recovery is visible and new unparsed syntax fails the budget (0.885245ms)
✔ setter targets count unique destinations and subscriptions belong to their callback scope (1.797892ms)
✔ every documented page has one Chinese block and one English block (2.17829ms)
✔ critical documentation topics have exact Chinese and English parity (0.501701ms)
✔ the first paint and runtime language state use the same locale (0.343157ms)
✔ language changes rebuild search from only the active language (0.184013ms)
✔ clearing and typing model IDs stays local until blur (2.612671ms)
✔ empty edits and Escape restore the saved ID without saving (1.420009ms)
✔ Enter commits a manual ID and discovered choices commit immediately (1.223032ms)
✔ new model drafts update immediately so the Add action can be enabled (0.561716ms)
✔ choosing a discovered model invokes its metadata callback without a stale blur save (0.653882ms)
✔ plugin packs are collapsed by default and expose an accessible disclosure (1.549035ms)
✔ card clicks toggle the package without hijacking nested controls (0.321505ms)
✔ the package toggle precedes the disclosure button and hidden members do not render (0.44374ms)
✔ extension cards use the theme secondary surface instead of white (0.215032ms)
✔ plugin tool menus escape the package card and stack above following cards (1.182634ms)
✔ notification center opens, reloads and restores the browser on dismissal (127.714583ms)
✔ every browser overlay caller imports its coordinator (37.84211ms)
✔ chat error fallback calls the shared API formatter (3.320668ms)
✔ group drop commits persistent chat order and announces the moved group (7.342718ms)
✔ chat surfaces bind dependencies in their owning scope (1.912081ms)
✔ all translation catalog layers have locale parity and valid values (210.735136ms)
✔ catalog sources do not silently overwrite duplicate keys (7.490851ms)
✔ catalog layers do not silently override one another (32.521263ms)
✔ literal frontend translation calls are backed by the merged catalog (64.827112ms)
✔ JSX does not expose untranslated English text nodes (13.303821ms)
✔ model ID combobox receives the settings translator (0.634064ms)
✔ the shell registers WorkbenchApp only in the module that owns it (2.288792ms)
✔ extracted shell and pane modules import or project their runtime dependencies (1.584213ms)
✔ shell shortcuts dispatch semantic actions without duplicating navigation (4.955527ms)
✔ shell shortcuts respect overlays and editable fields (0.234008ms)
✔ moving a callback to another module cannot hide its domain decision total (0.719418ms)
✔ split selection clients cannot reintroduce independently writable slot maps (6.207254ms)
✔ DECTCEM changes schedule custom cursor synchronization (0.746228ms)
✔ OSC 133 replay records prompt and command boundaries with exit status (1.249252ms)
✔ prompt navigation uses platform shortcuts without changing existing keys (0.378645ms)
✔ non-mac prompt navigation uses Ctrl and dispose releases parser state (0.492743ms)
✔ cached and refreshed resource projection preserves identity and browser availability (1.625652ms)
✔ regular answer updates summary, existing cache and selected detail in order (1.286483ms)
✔ live answer leaves messages and cache alone and cannot replace another selected chat (0.165918ms)
✔ answer never creates a missing cache entry or loads a transcript (0.111574ms)
✔ guidance confirmation and failure cannot overwrite a different active chat (4.865946ms)
✔ visible system-prefix blocks receive distinct categorical colors (0.767629ms)
✔ permission labels follow protocol semantics instead of display language (0.755897ms)
✔ permission mode normalization is bounded to declared modes (0.848945ms)
✔ moving a grouped chat block preserves internal and surrounding order (0.234549ms)
✔ tool presentation kinds reject unknown renderer instructions (0.125891ms)
✔ a stale chat refresh never overwrites a newer selection (0.163673ms)
✔ terminal events synchronously settle the chat-list summary (0.157521ms)
✔ paint timing uploads only client stages without dropping local server timings (117.802255ms)
✔ session menu ignores superseded resource responses and cancels preview polling on close (17.367079ms)
✔ overflow close animation can be reopened and unmount clears its timer (3.746202ms)
✔ floating handoff restores original conversations and widths and abandons only stale ownership (3.250102ms)
✔ submission keeps capability filters, command activation and attachment-only sends (8.469966ms)
✔ saved false is distinct from defaults and unavailable capabilities clear activations (89.655557ms)
✔ one restore replaces all settings while individual updates retain stable actions and no-op identity (3.887563ms)
✔ draft is debounced, saved before switching, restored and flushed on page hide (67.659766ms)
✔ draft surfaces stay isolated and optimistic clear persists immediately (6.240607ms)
✔ context changes abort old requests and cannot apply stale results; unmount cleans up (11.141421ms)
✔ context failure settles loading and unavailable plugins make no request (6.036387ms)
✔ command catalog loads on demand, refreshes after invalidation and respects external agents (12.073004ms)
✔ project switch during command loading aborts the old owner and loads the new catalog (8.66005ms)
✔ context ring stays hidden until the conversation has a message (0.81974ms)
✔ context metadata reuses canonical Workbench translation keys (0.195134ms)
✔ empty metadata values use field semantics instead of data-type labels (1.313325ms)
✔ context ring uses runtime context and latest-request cache usage (0.855538ms)
✔ context ring exposes unavailable cache data and clamps overfull context (0.150949ms)
✔ context and cache rings interpolate colors continuously (0.320012ms)
✔ navigator defers history measurements during wbcResizeActive (2.146058ms)
✔ navigator defers history measurements during wbcDisclosureActive (2.289764ms)
✔ tokens update the message subscriber while shell state stays unchanged (9.153925ms)
✔ switching conversations selects current state and replaces subscriptions (4.391628ms)
✔ notifies matching panes and inherited groups, leaving unrelated history untouched (11.458027ms)
✔ filters cross-window changes and releases both subscriptions (1.039139ms)
✔ surface broker opens and updates the same resource without moving it (6.553797ms)
✔ surface broker never replaces user, pinned, claimed, or dirty cards (4.250728ms)
✔ surface suppression and ownership helpers are deterministic (0.414553ms)
✔ surface broker rejects absolute and escaping file locations (0.14628ms)
✔ tool activity updates only until the model explicitly requests reveal (0.408963ms)
✔ update attention refreshes an existing surface but never opens one (0.213508ms)
✔ automatic explicit surface events still require the reveal flag (2.913188ms)
✔ surface broker can cap automatic resource reveals per run (0.251412ms)
✔ terminal error notice renders a translated diagnostic action without a global translator (4.035316ms)
✔ frontend/features/chat/hook-harness.test.mjs (89.560806ms)
✔ WbcTraceCard defers unopened details and retains them for closing animation (75.811042ms)
✔ WbcTraceCard immediately renders a saved expanded disclosure (28.385054ms)
✔ WbcActivityGroup defers unopened details and retains them for closing animation (17.781333ms)
✔ WbcActivityGroup immediately renders a saved expanded disclosure (8.813023ms)
✔ live summary remains active while closed and first disclosure uses the latest entries (12.689795ms)
✔ static snapshots detect in-place scalar edits and never observe getters (1.016356ms)
✔ live, nested, special and inherited messages always render normally (0.206265ms)
✔ memoization preserves callback, calendar, timezone and every scalar field dependency (0.215392ms)
✔ ordered merge preserves equal-time precedence, empty ids, duplicates and object identity (3.650609ms)
✔ small inputs avoid the fast path and legacy timestamps keep their priority (3.841254ms)
✔ special data falls back without changing the legacy result (35.038582ms)
✔ fallback preserves getter and custom array-method calls (7.054687ms)
✔ seeded differential cases cover fast and fallback paths without mutating input (7095.318593ms)
✔ production projection preserves every patch, replay, checkpoint, removal and terminal state (132.147769ms)
✔ project projections retain identity and never overwrite another project cache (64.573197ms)
✔ chat projections tolerate a missing callback and do not notify without a project (4.182918ms)
✔ draft Agent choice persists per project while consumption only clears active state (2.782848ms)
✔ split side survives remount and drag assignment avoids redundant storage writes (4.148963ms)
✔ unavailable local storage does not prevent split interaction (2.989183ms)
✔ indexed grouping preserves order, overlapping membership and duplicate IDs (9.407932ms)
✔ one-pass sections preserve relative order and item identity (0.27697ms)
✔ new work replaces the waiting icon and color even before the summary refreshes (0.785584ms)
✔ resumed lifecycle outranks residual question and previous failure fields (0.226113ms)
✔ event bursts use one request with the same debounce and one coherent notification (9.948226ms)
✔ events during a slow refresh coalesce into one follow-up without cancelling work (2.645676ms)
✔ disposing during a pending event refresh does not schedule more work (1.304878ms)
✔ standalone session refresh cannot cancel a shared current status response (1.315298ms)
✔ standalone status refresh cannot cancel shared current sessions or accept stale status (1.070129ms)
✔ new combined refresh cancels superseded requests and rejects late responses (1.07547ms)
✔ status projection failure preserves successful sessions and previous status (0.870887ms)
✔ page disposal cancels shared and independent requests and remains idempotent (1.870291ms)
✔ plugin collection owner preserves event refresh, loading, errors and cleanup (56.326798ms)
✔ hover preview replacement, cancellation and unmount retain timer ownership (7.200936ms)
✔ composer keyboard preserves IME, slash precedence and newline behavior (10.637916ms)
✔ pane promotion and restoration keep reduced-motion commits synchronous (3.089495ms)
✔ clipboard files and item fallback upload attachments without intercepting text or busy input (6.61786ms)
✔ legacy streaming inserts prose before the same mounted status element (1.827579ms)
✔ short handoffs and unmounts cancel the delayed indicator without rendering an empty row (29.741711ms)
✔ a sustained quiet gap shows the existing processing card after the delay (11.422759ms)
✔ runtime activity keeps its server timeline identity (1.404569ms)
✔ legacy projection replaces a checkpointed activity instead of rendering both (0.548801ms)
✔ legacy projection deduplicates old prefixed ids by tool call identity (0.181558ms)
✔ unified timeline suppresses a legacy checkpoint with a different activity id (0.341374ms)
✔ run fallback only fills quiet gaps without changing reasoning, tools or prose (2.154365ms)
✔ waiting and reconnection keep the existing suppression and resume the same run indicator (0.227866ms)
✔ legacy status stays after checkpointed segments without altering activity state (0.916856ms)
✔ running tools in earlier or folded activities suppress fallback, even after a newer activity completes (0.31346ms)
✔ saved and legacy projections preserve updates, correlation, timestamps and immutable inputs (920.759363ms)
✔ restored split renders before its conversation loads, including load failure (16.489099ms)
✔ loaded split passes the pending question and messages to the transcript (3.627375ms)
✔ column dragging coalesces moves without state commits or repeated layout reads (2.182068ms)
✔ row dragging previews tracks and separator, then commits once on cancellation (1.128991ms)
✔ select and restore retain all historic slots without mutating another chat (37.426193ms)
✔ queued operations preserve selection, guarded deletion and resource pruning (3.147005ms)
✔ selection transitions match the previous four-map contract across operation sequences (12.119152ms)
✔ new batches resume older fades instead of cutting them off or restarting them (2.200663ms)
✔ wrapping and cleanup preserve inline elements, code whitespace and block boundaries (0.453879ms)
✔ completed fades, rewritten text and reduced motion leave readable plain text (1.98497ms)
✔ a large batch bounds animation work to the recent tail (0.155137ms)
✔ only distant history is frozen; final layout restores the live tail (3.649317ms)
✔ reading anchor is compensated after frozen rows regain their natural height (0.472805ms)
✔ short history, selected text and focused rows stay live (0.580421ms)
✔ interruptions, cancellation, timeout and cleanup cannot strand hidden messages (2.551545ms)
✔ unrelated transitions are ignored and repeated starts restore before freezing (0.405967ms)
✔ PiP only keeps its avoided rows live and refreshes avoidance after thaw (0.250379ms)
✔ few long replies protect offscreen Markdown blocks and retain an inner reading anchor (0.708697ms)
✔ sidebar pointerdown prepares old geometry and transitionrun reuses it (0.358156ms)
✔ large transcripts thaw in bounded batches rather than a single transitionend task (1.679736ms)
✔ restoring the right panel through its menu prepares before the state update (0.354528ms)
✔ continuous right and split drags retain protection beyond the sidebar timeout (2.657337ms)
✔ closing a split prepares before mutation and waits for both grid transitions (0.761768ms)
✔ losing window focus restores a held separator without leaving hidden history (1.710114ms)
✔ replacement transcript adopts old offscreen heights before its first layout (0.530024ms)
✔ nested disclosure animations defer navigation until both finish, without hiding history (0.277691ms)
✔ HTTP failure preserves response, links ID and never reads body (2.448518ms)
✔ Doctor requests, foreign endpoints and cancellation do not report (3.491454ms)
✔ network and uncaught failures provide bounded guidance and cleanup (1.022457ms)
✔ failure to render diagnostics cannot change request outcome (0.693237ms)
✔ clicked failure owns the run, including installed legacy terminal errors (0.682476ms)
✔ reopening auto repair reattaches; explicit recheck starts again (0.78345ms)
✔ initial Doctor render accepts an absent report (39.579797ms)
✔ structured failure preserves incident and run metadata (2.825028ms)
✔ failure progress and diagnosis share one card (3.945033ms)
✔ reviewed patch submission binds the exact hash and preserves user description (2.515937ms)
✔ unverified outcome is explicit and an interrupted commit exposes rollback (0.721511ms)
✔ cached findings stay separated by conversation and language (0.75201ms)
✔ prefetch and open share a request; previous findings survive refresh errors (0.451444ms)
✔ reopening active analysis resumes its report instead of creating another scan (0.15628ms)
✔ edge direction opens the matching drawer and reverse motion closes it (0.792958ms)
✔ taps, vertical scrolling, diagonals, and outward edge motion do not navigate (0.169284ms)
✔ center gestures open either side without treating taps or vertical motion as navigation (0.131281ms)
✔ wheel listener cancels natively, uses latest render and is removed on ref cleanup (1.96888ms)
ℹ tests 182
ℹ suites 0
ℹ pass 182
ℹ fail 0
ℹ cancelled 0
ℹ skipped 0
ℹ todo 0
ℹ duration_ms 7607.259274
